

                                 BANK OF BARODA              Date   :15-06-2026
                             S.V.ROAD ANDHERI WEST           Time   :  16:58:34
         ADDRESS: 189 KHAJINA MAHAL S.V. ROAD, ANDHERI (W),MUMBA,MH,400058
         HELPLINE NO.  :  18005700/18005000   CYBER CRIME HELPLINE : 1930
         BRANCH PHONE NO.   :26283624,26281706
         MICR CODE: 400012004  IFSC CODE: BARB0ANDHER        Page No:         1
----------------------------------------------------------------------------------------------------------------------------------
A/C Name        :MRS. ANJALI  BAJAJ
Address         :POST BOX 8565 EUR TROUSERS PLOT J2 123
                 SAIF ZONE SHARJAH
City            :SHARJAH (UAEPin Code  : 25314
CKYC Number     :XXXXXXXXXX2194
Tel No.         :
Nomination Flag :Y                     Nominee Name : JAI TULSIANI
Scheme Description :   SAVINGS BANK (NRE)
Joint Holders   :ANJALI BAJAJ

----------------------------------------------------------------------------------------------------------------------------------
A/C Number   :   03800100026056                   Account Open Date :13-02-2012

      Statement of account for the period of 01-12-2025 to 31-05-2026
----------------------------------------------------------------------------------------------------------------------------------
DATE     PARTICULARS    CHQ.NO.      WITHDRAWALS        DEPOSITS         BALANCE
----------------------------------------------------------------------------------------------------------------------------------
01-12-25 B/F                                                         5,91,519.05Cr

02-12-25 IMPS/P2A/53361              1,00,000.00                     4,91,519.05Cr

         IMPS/P2A/533614021368/XXXXXXXXXX0426/Loantojaiici
08-12-25 IMPS/P2A/53422              1,00,000.00                     3,91,519.05Cr

         IMPS/P2A/534223684620/XXXXXXXXXX0426/Giventojai
08-12-25 IMPS/P2A/53422              1,00,000.00                     2,91,519.05Cr

         IMPS/P2A/534223324281/XXXXXXXXXX0426/Giventojai
09-12-25 IMPS/P2A/53431              2,00,000.00                       91,519.05Cr

         IMPS/P2A/534314775312/XXXXXXXXXX0426/Loantojai426
22-12-25 IMPS/P2A/53561                25,000.00                       66,519.05Cr

         IMPS/P2A/535610713831/XXXXXXXXXX0426/Giventojai
29-12-25 IMPS/P2A/53630                15,000.00                       51,519.05Cr

         IMPS/P2A/536308176367/XXXXXXXXXX0426/ICIC426JAI
29-12-25 IMPS/P2A/53630                16,000.00                       35,519.05Cr

         IMPS/P2A/536308816333/XXXXXXXXXX0426/jaiicic426
30-12-25 NEFT-BARBT2536                10,000.00                       25,519.05Cr

         NEFT-BARBT25364789686-PRIYA SADHNANI-UNION BANK OF
13-01-26 EBANK:WIB/1490                 1,000.00                       24,519.05Cr

         EBANK:WIB/1490141559/JAIBOBANDHER
06-02-26 :Int.Pd:01-11-    26056                        4,191.00       28,710.05Cr

         03800100026056:Int.Pd:01-11-2025 to 31-01-2026
09-02-26 RTGS-YESBR5202                             13,37,745.62    13,66,455.67Cr

         RTGS-YESBR52026020957138634-RAHUL PARNANI PARNANI
09-02-26 EBANK:SELF/149             13,37,745.00                       28,710.67Cr

----------------------------------------------------------------------------------------------------------------------------------
Page Total:                       19,04,745.00    13,41,936.62       28,710.67Cr
----------------------------------------------------------------------------------------------------------------------------------

 Note: Cheques received in inward clearing will be considered for debiting/
returning on the basis opening balance in account
Unless the constituent notifies the bank of any discrepancy in this statement


                                 BANK OF BARODA              Date   :15-06-2026
                             S.V.ROAD ANDHERI WEST           Time   :  16:58:34
         ADDRESS: 189 KHAJINA MAHAL S.V. ROAD, ANDHERI (W),MUMBA,MH,400058
         HELPLINE NO.  :  18005700/18005000   CYBER CRIME HELPLINE : 1930
         BRANCH PHONE NO.   :26283624,26281706
         MICR CODE: 400012004  IFSC CODE: BARB0ANDHER        Page No:         2
         EBANK:SELF/1494048616/Own acc trasfer 463

----------------------------------------------------------------------------------------------------------------------------------
A/C Number   :   03800100026056                   Account Open Date :13-02-2012

      Statement of account for the period of 01-12-2025 to 31-05-2026
----------------------------------------------------------------------------------------------------------------------------------
DATE     PARTICULARS    CHQ.NO.      WITHDRAWALS        DEPOSITS         BALANCE
----------------------------------------------------------------------------------------------------------------------------------
23-02-26 DIGITA-MUMBAI/                             11,07,704.55    11,36,415.22Cr

         NEFT-TUTR260542081995-ANJALI BAJAJ
24-02-26 DIGITA-MUMBAI/                              6,16,114.63    17,52,529.85Cr

         NEFT-HSBCN05521663659-MRS ANJALI BAJAJMR JAI TULSI
25-02-26 EBANK:WIB/1496              3,75,000.00                    13,77,529.85Cr

         EBANK:WIB/1496485105/loan 2 euro suits
25-02-26 DIGITA-MUMBAI/                              7,40,500.00    21,18,029.85Cr

         NEFT-TUTR260562119117-RAJIV ANANDHU RAJAN
26-02-26 NEFT-BARBU2605                75,000.00                    20,43,029.85Cr

         NEFT-BARBU26057550948-JAI TULSANI-I.C.I.C.I. BANK
26-02-26 EBANK:SELF/149             20,00,000.00                       43,029.85Cr

         EBANK:SELF/1496570690/self 444
03-03-26 RTGS-ICICR1202                              6,12,000.00     6,55,029.85Cr

         RTGS-ICICR12026030309345680-HONEY  .
08-03-26 DIGITA-MUMBAI/                             13,59,457.58    20,14,487.43Cr

         NEFT-TUTR260672569497-RAHUL PARNANI PARNANI
09-03-26 EBANK:SELF/149             20,00,000.00                       14,487.43Cr

         EBANK:SELF/1498193933/self account
11-03-26 DIGITA-MUMBAI/                             11,19,972.27    11,34,459.70Cr

         NEFT-TUTR260702680265-ANJALI BAJAJ
14-03-26 RTGS-ICICR1202                              6,16,000.00    17,50,459.70Cr

         RTGS-ICICR12026031409545481-HONEY  .
15-03-26 DIGITA-MUMBAI/                              6,25,985.05    23,76,444.75Cr

         NEFT-TUTR260742959415-ANJALI BAJAJ
16-03-26 EBANK:SELF/149             23,00,000.00                       76,444.75Cr

         EBANK:SELF/1499352391/od44 own account
20-03-26 IMPS/P2A/60790                10,000.00                       66,444.75Cr

         IMPS/P2A/607909810493/XXXXXXXXXX3915/Axisacctrasf
20-03-26 IMPS/P2A/60791                50,000.00                       16,444.75Cr

         IMPS/P2A/607914628211/XXXXXXXXXX3915/Giventojaiay
07-04-26 DIGITA-MUMBAI/                                     1.00       16,445.75Cr
----------------------------------------------------------------------------------------------------------------------------------
Page Total:                       68,10,000.00    67,97,735.08       16,445.75Cr
----------------------------------------------------------------------------------------------------------------------------------

 Note: Cheques received in inward clearing will be considered for debiting/
returning on the basis opening balance in account
Unless the constituent notifies the bank of any discrepancy in this statement


                                 BANK OF BARODA              Date   :15-06-2026
                             S.V.ROAD ANDHERI WEST           Time   :  16:58:34
         ADDRESS: 189 KHAJINA MAHAL S.V. ROAD, ANDHERI (W),MUMBA,MH,400058
         HELPLINE NO.  :  18005700/18005000   CYBER CRIME HELPLINE : 1930
         BRANCH PHONE NO.   :26283624,26281706
         MICR CODE: 400012004  IFSC CODE: BARB0ANDHER        Page No:         3

         IMPS/P2A/609710129801/RIA FINANCIAL/for validatin

----------------------------------------------------------------------------------------------------------------------------------
A/C Number   :   03800100026056                   Account Open Date :13-02-2012

      Statement of account for the period of 01-12-2025 to 31-05-2026
----------------------------------------------------------------------------------------------------------------------------------
DATE     PARTICULARS    CHQ.NO.      WITHDRAWALS        DEPOSITS         BALANCE
----------------------------------------------------------------------------------------------------------------------------------
07-04-26 DIGITA-MUMBAI/                             12,59,155.04    12,75,600.79Cr

         NEFT-TUTR260974159394-ANJALI BAJAJ
07-04-26 NRIBO-GANDHINA                             24,94,378.00    37,69,978.79Cr

         K9316726
08-04-26 DIGITA-MUMBAI/                             62,66,969.95  1,00,36,948.74Cr

         NEFT-HSBCN09836046526-ANJALI BAJAJ
11-04-26 IMPS/P2A/61011                13,001.00                  1,00,23,947.74Cr

         IMPS/P2A/610117079694/XXXXXXXXXX0426/Giventojai
12-04-26 EBANK:SELF/150             50,00,000.00                    50,23,947.74Cr

         EBANK:SELF/1503688453/OD463 SELF
12-04-26 EBANK:SELF/150             50,00,000.00                       23,947.74Cr

         EBANK:SELF/1503688574/OD444SELF
16-04-26 IMPS/P2A/61062                20,000.00                        3,947.74Cr

         IMPS/P2A/610620493248/XXXXXXXXXX3915/0
17-04-26 DIGITA-MUMBAI/                             17,61,267.90    17,65,215.64Cr

         NEFT-TUTR261074678302-ANJALI BAJAJ
21-04-26 DIGITA-MUMBAI/                             12,66,500.00    30,31,715.64Cr

         NEFT-TUTR261114827242-ANJALI BAJAJ MOHAN DAS
22-04-26 IMPS/P2A/61121                50,000.00                    29,81,715.64Cr

         IMPS/P2A/611210184430/XXXXXXXXXX0426/0
22-04-26 IMPS/P2A/61121              3,00,000.00                    26,81,715.64Cr

         IMPS/P2A/611211853984/XXXXXXXXXX3915/0
23-04-26 DIGITA-MUMBAI/                             12,74,271.56    39,55,987.20Cr

         NEFT-HSBCN11339953186-MRS ANJALI BAJAJMR JAI TULSI
23-04-26 DIGITA-MUMBAI/                             12,67,425.00    52,23,412.20Cr

         NEFT-IN12611334077990-HONEY  .
24-04-26 EBANK:SELF/150             50,00,000.00                     2,23,412.20Cr

         EBANK:SELF/1505341162/self od444
24-04-26 NEFT-BARBX2611              1,50,000.00                       73,412.20Cr

         NEFT-BARBX26114968788-JAI TULSANI-I.C.I.C.I. BANK
----------------------------------------------------------------------------------------------------------------------------------
Page Total:                     1,55,33,001.00  1,55,89,967.45       73,412.20Cr
----------------------------------------------------------------------------------------------------------------------------------

 Note: Cheques received in inward clearing will be considered for debiting/
returning on the basis opening balance in account
Unless the constituent notifies the bank of any discrepancy in this statement


                                 BANK OF BARODA              Date   :15-06-2026
                             S.V.ROAD ANDHERI WEST           Time   :  16:58:34
         ADDRESS: 189 KHAJINA MAHAL S.V. ROAD, ANDHERI (W),MUMBA,MH,400058
         HELPLINE NO.  :  18005700/18005000   CYBER CRIME HELPLINE : 1930
         BRANCH PHONE NO.   :26283624,26281706
         MICR CODE: 400012004  IFSC CODE: BARB0ANDHER        Page No:         4

----------------------------------------------------------------------------------------------------------------------------------
A/C Number   :   03800100026056                   Account Open Date :13-02-2012

      Statement of account for the period of 01-12-2025 to 31-05-2026
----------------------------------------------------------------------------------------------------------------------------------
DATE     PARTICULARS    CHQ.NO.      WITHDRAWALS        DEPOSITS         BALANCE
----------------------------------------------------------------------------------------------------------------------------------
25-04-26 IMPS/P2A/61151                20,000.00                       53,412.20Cr

         IMPS/P2A/611511364844/XXXXXXXXXX0426/0
27-04-26 DIGITA-MUMBAI/                             11,42,698.08    11,96,110.28Cr

         NEFT-HSBCN11740686504-MRS ANJALI BAJAJMR JAI TULSI
28-04-26 NEFT-BARBT2611              1,00,000.00                    10,96,110.28Cr

         NEFT-BARBT26118280093-ANJALI BAJAJ-AXIS  BANK LTD.
29-04-26 RTGS-BARBR5202              8,98,066.00                     1,98,044.28Cr

         RTGS-BARBR52026042900783874-KANDLA SEZ AUTHORITY-P
29-04-26 DIGITA-MUMBAI/                             12,80,278.08    14,78,322.36Cr

         NEFT-TUTR261195270434-ANJALI BAJAJ
30-04-26 EBANK:SELF/150             11,00,000.00                     3,78,322.36Cr

         EBANK:SELF/1506180603/
30-04-26 IMPS/P2A/61201              1,00,000.00                     2,78,322.36Cr

         IMPS/P2A/612014833095/XXXXXXXXXX0426/Loantojai
02-05-26 IMPS/P2A/61220                63,000.00                     2,15,322.36Cr

         IMPS/P2A/612208059806/XXXXXXXXXX0426/icic426loan
03-05-26 :Int.Pd:01-02-    26056                        5,859.00     2,21,181.36Cr

         03800100026056:Int.Pd:01-02-2026 to 30-04-2026
03-05-26 IMPS/P2A/61232                50,000.00                     1,71,181.36Cr

         IMPS/P2A/612322893018/XXXXXXXXXX0426/icic426loan
04-05-26 EBANK:SELF/150              1,63,000.00                        8,181.36Cr

         EBANK:SELF/1506647246/self25584
04-05-26 DIGITA-MUMBAI/                             25,69,613.87    25,77,795.23Cr

         NEFT-HSBCN12443855550-ANJALI BAJAJ
04-05-26 DIGITA-MUMBAI/                             51,23,019.42    77,00,814.65Cr

         Dep-NEFT-HSBCN12443857267-MRS ANJALI BAJAJMR JAI T
04-05-26 NEFT-BARBU2612              8,15,000.00                    68,85,814.65Cr

         NEFT-BARBU26124859030-ROHIT TEKWANI-KOTAK MAHINDRA
04-05-26 IMPS/P2A/61242              1,00,000.00                    67,85,814.65Cr

         IMPS/P2A/612420389661/XXXXXXXXXX2322/Giventohimal
04-05-26 IMPS/P2A/61242                              1,00,000.00    68,85,814.65Cr

----------------------------------------------------------------------------------------------------------------------------------
Page Total:                       34,09,066.00  1,02,21,468.45    68,85,814.65Cr
----------------------------------------------------------------------------------------------------------------------------------

 Note: Cheques received in inward clearing will be considered for debiting/
returning on the basis opening balance in account
Unless the constituent notifies the bank of any discrepancy in this statement


                                 BANK OF BARODA              Date   :15-06-2026
                             S.V.ROAD ANDHERI WEST           Time   :  16:58:34
         ADDRESS: 189 KHAJINA MAHAL S.V. ROAD, ANDHERI (W),MUMBA,MH,400058
         HELPLINE NO.  :  18005700/18005000   CYBER CRIME HELPLINE : 1930
         BRANCH PHONE NO.   :26283624,26281706
         MICR CODE: 400012004  IFSC CODE: BARB0ANDHER        Page No:         5
         IMPS/P2A/612420389661/XXXXXXXXXX1926/Giventohimal

----------------------------------------------------------------------------------------------------------------------------------
A/C Number   :   03800100026056                   Account Open Date :13-02-2012

      Statement of account for the period of 01-12-2025 to 31-05-2026
----------------------------------------------------------------------------------------------------------------------------------
DATE     PARTICULARS    CHQ.NO.      WITHDRAWALS        DEPOSITS         BALANCE
----------------------------------------------------------------------------------------------------------------------------------
05-05-26 EBANK:SELF/150              6,00,000.00                    62,85,814.65Cr

         EBANK:SELF/1506819905/self25584
06-05-26 EBANK:WIB/1507                    99.00                    62,85,715.65Cr

         EBANK:WIB/1507048340/jai 8376
06-05-26 NEFT-BARBY2612              1,25,000.00                    61,60,715.65Cr

         NEFT-BARBY26126897149-JAI TULSANI-I.C.I.C.I. BANK
07-05-26 IMPS/P2A/61271              1,00,000.00                    60,60,715.65Cr

         IMPS/P2A/612716285724/XXXXXXXXXX0426/loanicic426
08-05-26 IMPS/P2A/61281              1,00,000.00                    59,60,715.65Cr

         IMPS/P2A/612815561035/XXXXXXXXXX0426/jaiicic426lo
08-05-26 NEFT-BARBT2612              1,00,000.00                    58,60,715.65Cr

         NEFT-BARBT26128545196-JAI TULSANI-I.C.I.C.I. BANK
08-05-26 IMPS/P2A/61281                65,000.00                    57,95,715.65Cr

         IMPS/P2A/612819570784/XXXXXXXXXX0426/icic426jaidu
09-05-26 IMPS/P2A/61291                10,000.00                    57,85,715.65Cr

         IMPS/P2A/612916602661/XXXXXXXXXX0426/loantoicicja
11-05-26 YELBAN-BANGALO             42,00,000.00                    15,85,715.65Cr

         TO JAI-YELBAN
12-05-26 IMPS/P2A/61322                50,000.00                    15,35,715.65Cr

         IMPS/P2A/613222079960/XXXXXXXXXX3915/Esquiremaint
13-05-26 NEFT-BARBR2613              1,11,000.00                    14,24,715.65Cr

         NEFT-BARBR26133799248-JAI TULSANI-I.C.I.C.I. BANK
14-05-26 EBANK:SELF/150             14,00,000.00                       24,715.65Cr

         EBANK:SELF/1508252341/self 25584
18-05-26 DIGITA-MUMBAI/                             13,02,861.35    13,27,577.00Cr

         NEFT-TUTR261386737684-ANJALI BAJAJ
18-05-26 NEFT-BARBS2613              1,00,000.00                    12,27,577.00Cr

         NEFT-BARBS26138284961-JAI TULSANI-I.C.I.C.I. BANK
21-05-26 RTGS-BARBR5202              2,00,000.00                    10,27,577.00Cr

         RTGS-BARBR52026052100933461-JAI TULSANI-I.C.I.C.I.
26-05-26 EBANK:WIB/1509                30,000.00                     9,97,577.00Cr
----------------------------------------------------------------------------------------------------------------------------------
Page Total:                       71,91,099.00    13,02,861.35     9,97,577.00Cr
----------------------------------------------------------------------------------------------------------------------------------

 Note: Cheques received in inward clearing will be considered for debiting/
returning on the basis opening balance in account
Unless the constituent notifies the bank of any discrepancy in this statement


                                 BANK OF BARODA              Date   :15-06-2026
                             S.V.ROAD ANDHERI WEST           Time   :  16:58:34
         ADDRESS: 189 KHAJINA MAHAL S.V. ROAD, ANDHERI (W),MUMBA,MH,400058
         HELPLINE NO.  :  18005700/18005000   CYBER CRIME HELPLINE : 1930
         BRANCH PHONE NO.   :26283624,26281706
         MICR CODE: 400012004  IFSC CODE: BARB0ANDHER        Page No:         6

         EBANK:WIB/1509893622/Car loan

----------------------------------------------------------------------------------------------------------------------------------
A/C Number   :   03800100026056                   Account Open Date :13-02-2012

      Statement of account for the period of 01-12-2025 to 31-05-2026
----------------------------------------------------------------------------------------------------------------------------------
DATE     PARTICULARS    CHQ.NO.      WITHDRAWALS        DEPOSITS         BALANCE
----------------------------------------------------------------------------------------------------------------------------------
26-05-26 DIGITA-MUMBAI/                              6,45,960.97    16,43,537.97Cr

         NEFT-TUTR261467439092-ANJALI BAJAJ
26-05-26 YELBAN-BANGALO              4,43,251.00                    12,00,286.97Cr

         TO TRANSFER-YELBAN
27-05-26 03800300039529    39529                  1,36,82,428.00  1,48,82,714.97Cr

         03800300039529 : Closure Proceeds
28-05-26 EBANK:SELF/151              5,00,000.00                  1,43,82,714.97Cr

         EBANK:SELF/1510173106/OD444 SELF
28-05-26 EBANK:SELF/151             45,00,000.00                    98,82,714.97Cr

         EBANK:SELF/1510173377/OD 444 SELF
28-05-26 EBANK:SELF/151             45,00,000.00                    53,82,714.97Cr

         EBANK:SELF/1510173566/OD444
28-05-26 EBANK:SELF/151             45,00,000.00                     8,82,714.97Cr

         EBANK:SELF/1510173706/0D463
28-05-26 IMPS/P2A/61481              1,50,000.00                     7,32,714.97Cr

         IMPS/P2A/614810861634/XXXXXXXXXX0426/Giventojaihu
29-05-26 IMPS/P2A/61492              1,50,000.00                     5,82,714.97Cr

         IMPS/P2A/614920863714/XXXXXXXXXX0426/Giventojai
30-05-26 EBANK:15105117              3,16,512.54                     2,66,202.43Cr

         EBANK:1510511754/BESCOM/DBBRTZI1LH7VF1/BILLDESK
----------------------------------------------------------------------------------------------------------------------------------
Page Total:                     1,50,59,763.54  1,43,28,388.97     2,66,202.43Cr
----------------------------------------------------------------------------------------------------------------------------------
Grand Total:                    4,99,07,674.54  4,95,82,357.92    2,66,202.43Cr
----------------------------------------------------------------------------------------------------------------------------------



As On 15-06-2026
----------------------------------------------------------------------------------------------------------------------------------
ClrBal:     5,58,383.46    Unclr Bal:           0.00   Lien:           0.00*
----------------------------------------------------------------------------------------------------------------------------------


We  are  committed  to  treat  customers  fairly  as per BCSBI code of Bank's

 Note: Cheques received in inward clearing will be considered for debiting/
returning on the basis opening balance in account
Unless the constituent notifies the bank of any discrepancy in this statement
within 15 days from the date of statement, it will be construed that the
transaction(s) in the statement are correct.



                                 BANK OF BARODA              Date   :15-06-2026
                             S.V.ROAD ANDHERI WEST           Time   :  16:58:34
         ADDRESS: 189 KHAJINA MAHAL S.V. ROAD, ANDHERI (W),MUMBA,MH,400058
         HELPLINE NO.  :  18005700/18005000   CYBER CRIME HELPLINE : 1930
         BRANCH PHONE NO.   :26283624,26281706
         MICR CODE: 400012004  IFSC CODE: BARB0ANDHER        Page No:         7
commitment to customers and Micro and Small Enterprises.
For details please visit our website www.bankofbaroda.com or www.bcsbi.org.in

Please contact your branch for registration of your MOBILE NUMBER and E-MAIL ID
to get transaction alerts, other alerts and balance of your account through SMS.

                             ABBREVIATIONS USED

Retd - Returned Cheque                   SI   - Standing Instructions
EC   - Error Corrected                   CBI  - Cheque Book Issue
SP   - Stop Payment                      ECS  - Electronic Clearing Service
INT  - Interest                          INCHGS-Incidental charges
OBC  - Outward Bill for collection       MB   - Minimum Balance
DAUE - Drawing Against Uncleared Effect  ISLIXN - Inter sol transactions

         Pending penal charges (Not included in outstanding balance) : 0

                        This is a computer generated statement.
                            ****END OF STATEMENT****





































 Note: Cheques received in inward clearing will be considered for debiting/
returning on the basis opening balance in account
Unless the constituent notifies the bank of any discrepancy in this statement
within 15 days from the date of statement, it will be construed that the
transaction(s) in the statement are correct.


